WEC-Sim: An open-source code for simulating wave energy converters
Version: 7.0.0

Initializing the Simulation Class...
	Case Dir: /Users/alex_barajas/research/MarinePowerDynamics.jl/example/RM3 

WEC-Sim Pre-processing ...   
	Infinite water depth specified in BEM and "waves.waterDepth" not specified in input file.
Set water depth to 200m for visualization.
Elapsed time is 1.059432 seconds.

WEC-Sim Simulation Settings:
	Start Time                     (sec) = 0
	End Time                       (sec) = 200
	Time Step Size                 (sec) = 0.01
	Ramp Function Time             (sec) = 0
	Convolution Integral Interval  (sec) = 60
	 Number of Time Steps     = 20000 

Wave Environment: 
	Wave Type                            = Irregular Waves (Arbitrary Random Phase)
	Spectrum Type                        = Pierson-Moskowitz  
	Significant Wave Height, Hs      (m) = 2.5
	Peak Wave Period, Tp           (sec) = 8

List of Body:
 
Number of Hydro Bodies = 2 

	***** Body Number 1, Name: float *****
	Body CG                          (m) = [0,0,-0.72]
	Body Mass                       (kg) = 725833 
	Body Moments of Inertia       (kgm2) = [2.09073E+07,2.13061E+07,3.70855E+07]
	Body Products of Inertia      (kgm2) = [0,0,0]

	***** Body Number 2, Name: spar *****
	Body CG                          (m) = [0,0,-21.29]
	Body Mass                       (kg) = 886687 
	Body Moments of Inertia       (kgm2) = [9.44196E+07,9.44071E+07,2.85422E+07]
	Body Products of Inertia      (kgm2) = [0,0,0]

List of PTO(s): Number of PTOs = 1 

	***** PTO Name: PTO1 *****
	PTO Stiffness           (N/m;Nm/rad) = 0
	PTO Damping           (Ns/m;Nsm/rad) = 1.2E+06

List of Constraint(s): Number of Constraints = 1 

	***** Constraint Name: Constraint1 *****

Elapsed time is 8.709913 seconds.

Simulating the WEC device defined in the SimMechanics model /Users/alex_barajas/research/MarinePowerDynamics.jl/example/RM3/RM3.slx...   
Elapsed time is 52.327936 seconds.

Post-processing and saving...   
Wrote linear PTO JSON with relative motion, PTO force/power, and wave elevation.
Elapsed time is 0.413873 seconds.
